<html>
<body>
<pre>
<h1>µVision Build Log</h1>
<h2>Project:</h2>
D:\work_HANDSON\task1_embedded\TIMER1.uvproj
Project File Date:  11/10/2020

<h2>Output:</h2>
compiling task1_ques1.c...
task1_ques1.c(3): warning:  #1295-D: Deprecated declaration timer0_init - give arg types
task1_ques1.c - 0 Error(s), 1 Warning(s).
Build target 'Target 1'
assembling Startup.s...
compiling task1_ques1.c...
task1_ques1.c(3): warning:  #1295-D: Deprecated declaration timer0_init - give arg types
linking...
Program Size: Code=832 RO-data=16 RW-data=0 ZI-data=1256  
FromELF: creating hex file...
"task1_ques1.axf" - 0 Error(s), 1 Warning(s).
compiling task1_ques2.c...
task1_ques2.c(3): warning:  #1295-D: Deprecated declaration timer0_init - give arg types
task1_ques2.c - 0 Error(s), 1 Warning(s).
Build target 'Target 1'
assembling Startup.s...
compiling task1_ques2.c...
task1_ques2.c(3): warning:  #1295-D: Deprecated declaration timer0_init - give arg types
linking...
Program Size: Code=864 RO-data=16 RW-data=0 ZI-data=1256  
FromELF: creating hex file...
"task1_ques1.axf" - 0 Error(s), 1 Warning(s).
Build target 'Target 1'
assembling Startup.s...
compiling task1_ques1.c...
task1_ques1.c(3): warning:  #1295-D: Deprecated declaration timer0_init - give arg types
linking...
Program Size: Code=832 RO-data=16 RW-data=0 ZI-data=1256  
FromELF: creating hex file...
"task1_ques1.axf" - 0 Error(s), 1 Warning(s).
Build target 'Target 1'
assembling Startup.s...
compiling task1_ques2.c...
task1_ques2.c(3): warning:  #1295-D: Deprecated declaration timer0_init - give arg types
linking...
Program Size: Code=864 RO-data=16 RW-data=0 ZI-data=1256  
FromELF: creating hex file...
"task1_ques2.axf" - 0 Error(s), 1 Warning(s).
Build target 'Target 1'
assembling Startup.s...
compiling task1_ques3.c...
task1_ques3.c(3): warning:  #1295-D: Deprecated declaration timer0_init - give arg types
task1_ques3.c(36): warning:  #1-D: last line of file ends without a newline
linking...
Program Size: Code=832 RO-data=16 RW-data=0 ZI-data=1256  
FromELF: creating hex file...
"task1_ques3.axf" - 0 Error(s), 2 Warning(s).
Build target 'Target 1'
assembling Startup.s...
compiling task1_ques2_2.c...
task1_ques2_2.c(3): warning:  #1295-D: Deprecated declaration timer0_init - give arg types
task1_ques2_2.c(38): warning:  #1-D: last line of file ends without a newline
linking...
Program Size: Code=872 RO-data=16 RW-data=0 ZI-data=1256  
FromELF: creating hex file...
"task1_ques2_2.axf" - 0 Error(s), 2 Warning(s).
