<html>
<body>
<pre>
<h1>µVision Build Log</h1>
<h2>Project:</h2>
D:\work\TIMER\TIMER1.uvproj
Project File Date:  11/09/2020

<h2>Output:</h2>
compiling t0_q_4.c...
t0_q_4.c(1): error:  #11-D: unrecognized preprocessing directive
t0_q_4.c(2): warning:  #1-D: last line of file ends without a newline
t0_q_4.c - 1 Error(s), 1 Warning(s).
compiling t0_q_4.c...
t0_q_4.c(1): error:  #11-D: unrecognized preprocessing directive
t0_q_4.c(2): warning:  #951-D: return type of function "main" must be "int"
t0_q_4.c(4): warning:  #1-D: last line of file ends without a newline
t0_q_4.c - 1 Error(s), 2 Warning(s).
compiling t0_q_4.c...
t0_q_4.c(2): warning:  #951-D: return type of function "main" must be "int"
t0_q_4.c(13): error:  #268: declaration may not appear after executable statement in block
t0_q_4.c(38): warning:  #1-D: last line of file ends without a newline
t0_q_4.c - 1 Error(s), 2 Warning(s).
compiling t0_q_4.c...
t0_q_4.c(2): warning:  #951-D: return type of function "main" must be "int"
t0_q_4.c(39): warning:  #1-D: last line of file ends without a newline
t0_q_4.c - 0 Error(s), 2 Warning(s).
compiling t0_q_4.c...
t0_q_4.c(2): warning:  #951-D: return type of function "main" must be "int"
t0_q_4.c - 0 Error(s), 1 Warning(s).
compiling t0_q_4.c...
t0_q_4.c - 0 Error(s), 0 Warning(s).
Build target 'Target 1'
linking...
Program Size: Code=964 RO-data=16 RW-data=0 ZI-data=1256  
FromELF: creating hex file...
"T0_ques_3.axf" - 0 Error(s), 0 Warning(s).
compiling t0_q_4.c...
t0_q_4.c - 0 Error(s), 0 Warning(s).
Build target 'Target 1'
linking...
Program Size: Code=972 RO-data=16 RW-data=0 ZI-data=1256  
FromELF: creating hex file...
"T0_ques_3.axf" - 0 Error(s), 0 Warning(s).
compiling t0_q_4.c...
t0_q_4.c(21): error:  #65: expected a ";"
t0_q_4.c(27): error:  #65: expected a ";"
t0_q_4.c(33): error:  #65: expected a ";"
t0_q_4.c - 3 Error(s), 0 Warning(s).
Build target 'Target 1'
compiling t0_q_4.c...
t0_q_4.c(21): error:  #65: expected a ";"
t0_q_4.c(27): error:  #65: expected a ";"
t0_q_4.c(33): error:  #65: expected a ";"
Target not created
compiling t0_q_4.c...
t0_q_4.c - 0 Error(s), 0 Warning(s).
Build target 'Target 1'
linking...
Program Size: Code=996 RO-data=16 RW-data=0 ZI-data=1256  
FromELF: creating hex file...
"T0_ques_3.axf" - 0 Error(s), 0 Warning(s).
compiling t0_q_4.c...
t0_q_4.c - 0 Error(s), 0 Warning(s).
Build target 'Target 1'
linking...
Program Size: Code=1004 RO-data=16 RW-data=0 ZI-data=1256  
FromELF: creating hex file...
"T0_ques_3.axf" - 0 Error(s), 0 Warning(s).
Build target 'Target 1'
assembling Startup.s...
compiling t0_q_4.c...
linking...
Program Size: Code=1004 RO-data=16 RW-data=0 ZI-data=1256  
FromELF: creating hex file...
"T0_ques_4.axf" - 0 Error(s), 0 Warning(s).
compiling T0_QUES5.c...
T0_QUES5.c(30): warning:  #1-D: last line of file ends without a newline
T0_QUES5.c - 0 Error(s), 1 Warning(s).
compiling T0_QUES5.c...
T0_QUES5.c - 0 Error(s), 0 Warning(s).
Build target 'Target 1'
linking...
Program Size: Code=872 RO-data=16 RW-data=0 ZI-data=1256  
FromELF: creating hex file...
"T0_ques_4.axf" - 0 Error(s), 0 Warning(s).
Build target 'Target 1'
compiling T0_QUES5.c...
linking...
Program Size: Code=872 RO-data=16 RW-data=0 ZI-data=1256  
FromELF: creating hex file...
"T0_ques_5.axf" - 0 Error(s), 0 Warning(s).
Build target 'Target 1'
assembling Startup.s...
compiling T0_QUES5.c...
linking...
Program Size: Code=872 RO-data=16 RW-data=0 ZI-data=1256  
FromELF: creating hex file...
"T0_ques_5.axf" - 0 Error(s), 0 Warning(s).
Build target 'Target 1'
assembling Startup.s...
compiling T0_QUES5.c...
linking...
Program Size: Code=872 RO-data=16 RW-data=0 ZI-data=1256  
FromELF: creating hex file...
"T0_ques_5.axf" - 0 Error(s), 0 Warning(s).
Build target 'Target 1'
assembling Startup.s...
compiling T0_QUES5.c...
linking...
Program Size: Code=880 RO-data=16 RW-data=0 ZI-data=1256  
FromELF: creating hex file...
"T0_ques_5.axf" - 0 Error(s), 0 Warning(s).
Build target 'Target 1'
assembling Startup.s...
compiling T0_QUES5.c...
linking...
Program Size: Code=880 RO-data=16 RW-data=0 ZI-data=1256  
FromELF: creating hex file...
"T0_ques_5.axf" - 0 Error(s), 0 Warning(s).
Build target 'Target 1'
assembling Startup.s...
compiling T0_QUES5.c...
linking...
Program Size: Code=880 RO-data=16 RW-data=0 ZI-data=1256  
FromELF: creating hex file...
"T0_ques_5.axf" - 0 Error(s), 0 Warning(s).
Build target 'Target 1'
assembling Startup.s...
compiling T0_QUES5.c...
linking...
Program Size: Code=880 RO-data=16 RW-data=0 ZI-data=1256  
FromELF: creating hex file...
"T0_ques_5.axf" - 0 Error(s), 0 Warning(s).
Build target 'Target 1'
assembling Startup.s...
compiling T0_QUES5.c...
linking...
Program Size: Code=876 RO-data=16 RW-data=0 ZI-data=1256  
FromELF: creating hex file...
"T0_ques_5.axf" - 0 Error(s), 0 Warning(s).
Build target 'Target 1'
assembling Startup.s...
compiling T0_QUES5.c...
linking...
Program Size: Code=880 RO-data=16 RW-data=0 ZI-data=1256  
FromELF: creating hex file...
"T0_ques_5.axf" - 0 Error(s), 0 Warning(s).
Build target 'Target 1'
assembling Startup.s...
compiling T0_QUES5.c...
linking...
Program Size: Code=880 RO-data=16 RW-data=0 ZI-data=1256  
FromELF: creating hex file...
"T0_ques_5.axf" - 0 Error(s), 0 Warning(s).
Build target 'Target 1'
assembling Startup.s...
compiling T0_QUES5.c...
linking...
Program Size: Code=880 RO-data=16 RW-data=0 ZI-data=1256  
FromELF: creating hex file...
"T0_ques_5.axf" - 0 Error(s), 0 Warning(s).
Build target 'Target 1'
assembling Startup.s...
compiling t0_ques_3.c...
t0_ques_3.c(3): warning:  #1295-D: Deprecated declaration timer0_init - give arg types
t0_ques_3.c(36): warning:  #1-D: last line of file ends without a newline
linking...
Program Size: Code=832 RO-data=16 RW-data=0 ZI-data=1256  
FromELF: creating hex file...
"T0_ques_5.axf" - 0 Error(s), 2 Warning(s).
Build target 'Target 1'
assembling Startup.s...
compiling t0_ring_2.c...
t0_ring_2.c(3): warning:  #1295-D: Deprecated declaration timer0_init - give arg types
linking...
Program Size: Code=880 RO-data=16 RW-data=0 ZI-data=1256  
FromELF: creating hex file...
"T0_ques_5.axf" - 0 Error(s), 1 Warning(s).
Build target 'Target 1'
assembling Startup.s...
compiling t0_ring_2.c...
t0_ring_2.c(3): warning:  #1295-D: Deprecated declaration timer0_init - give arg types
linking...
Program Size: Code=880 RO-data=16 RW-data=0 ZI-data=1256  
FromELF: creating hex file...
"T0_ques_5.axf" - 0 Error(s), 1 Warning(s).
Build target 'Target 1'
assembling Startup.s...
compiling t0_ring_2.c...
t0_ring_2.c(3): warning:  #1295-D: Deprecated declaration timer0_init - give arg types
linking...
Program Size: Code=876 RO-data=16 RW-data=0 ZI-data=1256  
FromELF: creating hex file...
"T0_ques_5.axf" - 0 Error(s), 1 Warning(s).
compiling t0_ring_2.c...
t0_ring_2.c(3): warning:  #1295-D: Deprecated declaration timer0_init - give arg types
t0_ring_2.c - 0 Error(s), 1 Warning(s).
Build target 'Target 1'
assembling Startup.s...
compiling t0_ring_2.c...
t0_ring_2.c(3): warning:  #1295-D: Deprecated declaration timer0_init - give arg types
linking...
Program Size: Code=876 RO-data=16 RW-data=0 ZI-data=1256  
FromELF: creating hex file...
"T0_ques_5.axf" - 0 Error(s), 1 Warning(s).
Build target 'Target 1'
assembling Startup.s...
compiling t0_ring_2.c...
t0_ring_2.c(3): warning:  #1295-D: Deprecated declaration timer0_init - give arg types
linking...
Program Size: Code=864 RO-data=16 RW-data=0 ZI-data=1256  
FromELF: creating hex file...
"T0_ques_5.axf" - 0 Error(s), 1 Warning(s).
Build target 'Target 1'
assembling Startup.s...
compiling t0_ring_2.c...
t0_ring_2.c(3): warning:  #1295-D: Deprecated declaration timer0_init - give arg types
linking...
Program Size: Code=864 RO-data=16 RW-data=0 ZI-data=1256  
FromELF: creating hex file...
"T0_ques_5.axf" - 0 Error(s), 1 Warning(s).
compiling T0_ring_3_2.c...
T0_ring_3_2.c(3): warning:  #1295-D: Deprecated declaration timer0_init - give arg types
T0_ring_3_2.c(38): warning:  #1-D: last line of file ends without a newline
T0_ring_3_2.c - 0 Error(s), 2 Warning(s).
Build target 'Target 1'
assembling Startup.s...
compiling T0_ring_3_2.c...
T0_ring_3_2.c(3): warning:  #1295-D: Deprecated declaration timer0_init - give arg types
T0_ring_3_2.c(38): warning:  #1-D: last line of file ends without a newline
linking...
Program Size: Code=872 RO-data=16 RW-data=0 ZI-data=1256  
FromELF: creating hex file...
"T0_ques_3_2.axf" - 0 Error(s), 2 Warning(s).
compiling t0_q_3_3.c...
t0_q_3_3.c(3): warning:  #1295-D: Deprecated declaration timer0_init - give arg types
t0_q_3_3.c(38): warning:  #1-D: last line of file ends without a newline
t0_q_3_3.c - 0 Error(s), 2 Warning(s).
compiling t0_q_3_3.c...
t0_q_3_3.c(3): warning:  #1295-D: Deprecated declaration timer0_init - give arg types
t0_q_3_3.c(39): warning:  #1-D: last line of file ends without a newline
t0_q_3_3.c - 0 Error(s), 2 Warning(s).
compiling t0_q_3_3.c...
t0_q_3_3.c(3): warning:  #1295-D: Deprecated declaration timer0_init - give arg types
t0_q_3_3.c(39): warning:  #1-D: last line of file ends without a newline
t0_q_3_3.c - 0 Error(s), 2 Warning(s).
compiling t0_q_3_3.c...
t0_q_3_3.c(3): warning:  #1295-D: Deprecated declaration timer0_init - give arg types
t0_q_3_3.c - 0 Error(s), 1 Warning(s).
compiling t0_q_3_3.c...
t0_q_3_3.c - 0 Error(s), 0 Warning(s).
Build target 'Target 1'
linking...
Program Size: Code=872 RO-data=16 RW-data=0 ZI-data=1256  
FromELF: creating hex file...
"T0_ques_3_2.axf" - 0 Error(s), 0 Warning(s).
Build target 'Target 1'
assembling Startup.s...
compiling t0_q_3_3.c...
linking...
Program Size: Code=872 RO-data=16 RW-data=0 ZI-data=1256  
FromELF: creating hex file...
"T0_ques_3_2.axf" - 0 Error(s), 0 Warning(s).
Build target 'Target 1'
assembling Startup.s...
compiling t0_q_3_3.c...
linking...
Program Size: Code=872 RO-data=16 RW-data=0 ZI-data=1256  
FromELF: creating hex file...
"T0_ques_3_2.axf" - 0 Error(s), 0 Warning(s).
Build target 'Target 1'
assembling Startup.s...
compiling t0_q_3_3.c...
linking...
Program Size: Code=872 RO-data=16 RW-data=0 ZI-data=1256  
FromELF: creating hex file...
"T0_ques_3_2.axf" - 0 Error(s), 0 Warning(s).
compiling T0_3_4.C...
T0_3_4.C - 0 Error(s), 0 Warning(s).
Build target 'Target 1'
assembling Startup.s...
compiling T0_3_4.C...
linking...
Program Size: Code=868 RO-data=16 RW-data=0 ZI-data=1256  
FromELF: creating hex file...
"T0_ques_3_2.axf" - 0 Error(s), 0 Warning(s).
Build target 'Target 1'
assembling Startup.s...
compiling T0_3_4.C...
linking...
Program Size: Code=868 RO-data=16 RW-data=0 ZI-data=1256  
FromELF: creating hex file...
"T0_ques_3_2.axf" - 0 Error(s), 0 Warning(s).
Build target 'Target 1'
assembling Startup.s...
compiling T0_3_4.C...
linking...
Program Size: Code=868 RO-data=16 RW-data=0 ZI-data=1256  
FromELF: creating hex file...
"T0_ques_3_2.axf" - 0 Error(s), 0 Warning(s).
