<html>
<body>
<pre>
<h1>µVision Build Log</h1>
<h2>Project:</h2>
D:\work\TIMER\TIMER1.uvproj
Project File Date:  11/09/2020

<h2>Output:</h2>
Build target 'Target 1'
assembling Startup.s...
compiling T0_delay.c...
T0_delay.c(3): warning:  #1295-D: Deprecated declaration timer0_init - give arg types
T0_delay.c(15): error:  #513: a value of type "void (*)()" cannot be assigned to an entity of type "unsigned long"
T0_delay.c(22): warning:  #111-D: statement is unreachable
Target not created
compiling T0_delay.c...
T0_delay.c(3): warning:  #1295-D: Deprecated declaration timer0_init - give arg types
T0_delay.c(15): error:  #513: a value of type "void (*)()" cannot be assigned to an entity of type "unsigned long"
T0_delay.c(22): warning:  #111-D: statement is unreachable
T0_delay.c - 1 Error(s), 2 Warning(s).
compiling T0_delay.c...
T0_delay.c(3): warning:  #1295-D: Deprecated declaration timer0_init - give arg types
T0_delay.c(4): error:  #77-D: this declaration has no storage class or type specifier
T0_delay.c(4): error:  #65: expected a ";"
T0_delay.c(35): warning: At end of source:  #12-D: parsing restarts here after previous syntax error
T0_delay.c - 2 Error(s), 2 Warning(s).
Build target 'Target 1'
compiling T0_delay.c...
T0_delay.c(3): warning:  #1295-D: Deprecated declaration timer0_init - give arg types
T0_delay.c(4): error:  #77-D: this declaration has no storage class or type specifier
T0_delay.c(4): error:  #65: expected a ";"
T0_delay.c(35): warning: At end of source:  #12-D: parsing restarts here after previous syntax error
Target not created
compiling T0_delay.c...
T0_delay.c(3): warning:  #1295-D: Deprecated declaration timer0_init - give arg types
T0_delay.c(4): error:  #77-D: this declaration has no storage class or type specifier
T0_delay.c(4): error:  #65: expected a ";"
T0_delay.c(35): warning: At end of source:  #12-D: parsing restarts here after previous syntax error
T0_delay.c - 2 Error(s), 2 Warning(s).
compiling T0_delay.c...
T0_delay.c(3): warning:  #1295-D: Deprecated declaration timer0_init - give arg types
T0_delay.c(22): warning:  #111-D: statement is unreachable
T0_delay.c - 0 Error(s), 2 Warning(s).
compiling T0_delay.c...
T0_delay.c(3): warning:  #1295-D: Deprecated declaration timer0_delay - give arg types
T0_delay.c(26): warning:  #111-D: statement is unreachable
T0_delay.c(36): warning:  #187-D: use of "=" where "==" may have been intended
T0_delay.c - 0 Error(s), 3 Warning(s).
compiling T0_delay.c...
T0_delay.c(3): warning:  #1295-D: Deprecated declaration timer0_delay - give arg types
T0_delay.c(36): warning:  #187-D: use of "=" where "==" may have been intended
T0_delay.c - 0 Error(s), 2 Warning(s).
compiling T0_delay.c...
T0_delay.c(3): warning:  #1295-D: Deprecated declaration timer0_delay - give arg types
T0_delay.c - 0 Error(s), 1 Warning(s).
Build target 'Target 1'
compiling T0_delay.c...
T0_delay.c(3): warning:  #1295-D: Deprecated declaration timer0_delay - give arg types
linking...
Program Size: Code=568 RO-data=16 RW-data=0 ZI-data=1256  
"TIMER1.axf" - 0 Error(s), 1 Warning(s).
compiling T0_delay.c...
T0_delay.c(3): warning:  #1295-D: Deprecated declaration timer0_delay - give arg types
T0_delay.c - 0 Error(s), 1 Warning(s).
Build target 'Target 1'
linking...
Program Size: Code=580 RO-data=16 RW-data=0 ZI-data=1256  
"TIMER1.axf" - 0 Error(s), 0 Warning(s).
compiling T0_delay.c...
T0_delay.c(3): warning:  #1295-D: Deprecated declaration timer0_delay - give arg types
T0_delay.c - 0 Error(s), 1 Warning(s).
Build target 'Target 1'
linking...
Program Size: Code=580 RO-data=16 RW-data=0 ZI-data=1256  
"TIMER1.axf" - 0 Error(s), 0 Warning(s).
Build target 'Target 1'
linking...
Program Size: Code=580 RO-data=16 RW-data=0 ZI-data=1256  
"TIMER1.axf" - 0 Error(s), 0 Warning(s).
compiling T0_delay.c...
T0_delay.c(3): warning:  #1295-D: Deprecated declaration timer0_init - give arg types
T0_delay.c(22): error:  #20: identifier "OX000000FF" is undefined
T0_delay.c - 1 Error(s), 1 Warning(s).
compiling T0_delay.c...
T0_delay.c(3): warning:  #1295-D: Deprecated declaration timer0_init - give arg types
T0_delay.c - 0 Error(s), 1 Warning(s).
Build target 'Target 1'
linking...
Program Size: Code=560 RO-data=16 RW-data=0 ZI-data=1256  
"TIMER1.axf" - 0 Error(s), 0 Warning(s).
Build target 'Target 1'
assembling Startup.s...
compiling T0_delay.c...
T0_delay.c(3): warning:  #1295-D: Deprecated declaration timer0_init - give arg types
linking...
Program Size: Code=832 RO-data=16 RW-data=0 ZI-data=1256  
FromELF: creating hex file...
"TIMER1.axf" - 0 Error(s), 1 Warning(s).
compiling T0_delay.c...
T0_delay.c(3): warning:  #1295-D: Deprecated declaration timer0_init - give arg types
T0_delay.c - 0 Error(s), 1 Warning(s).
Build target 'Target 1'
linking...
Program Size: Code=832 RO-data=16 RW-data=0 ZI-data=1256  
FromELF: creating hex file...
"TIMER1.axf" - 0 Error(s), 0 Warning(s).
Build target 'Target 1'
assembling Startup.s...
compiling T0_delay.c...
T0_delay.c(3): warning:  #1295-D: Deprecated declaration timer0_init - give arg types
linking...
Program Size: Code=832 RO-data=16 RW-data=0 ZI-data=1256  
FromELF: creating hex file...
"TIMER1.axf" - 0 Error(s), 1 Warning(s).
compiling T0_half.c...
T0_half.c(3): warning:  #1295-D: Deprecated declaration timer0_init - give arg types
T0_half.c - 0 Error(s), 1 Warning(s).
compiling T0_half.c...
T0_half.c(3): warning:  #1295-D: Deprecated declaration timer0_init - give arg types
T0_half.c - 0 Error(s), 1 Warning(s).
Build target 'Target 1'
linking...
Program Size: Code=832 RO-data=16 RW-data=0 ZI-data=1256  
FromELF: creating hex file...
"T0_half.axf" - 0 Error(s), 0 Warning(s).
Build target 'Target 1'
assembling Startup.s...
compiling T0_half.c...
T0_half.c(3): warning:  #1295-D: Deprecated declaration timer0_init - give arg types
linking...
Program Size: Code=832 RO-data=16 RW-data=0 ZI-data=1256  
FromELF: creating hex file...
"T0_half.axf" - 0 Error(s), 1 Warning(s).
compiling t0_ring.c...
t0_ring.c(3): warning:  #1295-D: Deprecated declaration timer0_init - give arg types
t0_ring.c(10): error:  #268: declaration may not appear after executable statement in block
t0_ring.c(37): warning:  #1-D: last line of file ends without a newline
t0_ring.c - 1 Error(s), 2 Warning(s).
compiling t0_ring.c...
t0_ring.c(3): warning:  #1295-D: Deprecated declaration timer0_init - give arg types
t0_ring.c(10): error:  #268: declaration may not appear after executable statement in block
t0_ring.c(37): warning:  #1-D: last line of file ends without a newline
t0_ring.c - 1 Error(s), 2 Warning(s).
compiling t0_ring.c...
t0_ring.c(3): warning:  #1295-D: Deprecated declaration timer0_init - give arg types
t0_ring.c(38): warning:  #1-D: last line of file ends without a newline
t0_ring.c - 0 Error(s), 2 Warning(s).
Build target 'Target 1'
linking...
Program Size: Code=832 RO-data=16 RW-data=0 ZI-data=1256  
FromELF: creating hex file...
"T0_half.axf" - 0 Error(s), 0 Warning(s).
Build target 'Target 1'
linking...
Program Size: Code=832 RO-data=16 RW-data=0 ZI-data=1256  
FromELF: creating hex file...
"T0_ring.axf" - 0 Error(s), 0 Warning(s).
compiling t0_ring.c...
t0_ring.c(3): warning:  #1295-D: Deprecated declaration timer0_init - give arg types
t0_ring.c(38): warning:  #1-D: last line of file ends without a newline
t0_ring.c - 0 Error(s), 2 Warning(s).
Build target 'Target 1'
linking...
Program Size: Code=836 RO-data=16 RW-data=0 ZI-data=1256  
FromELF: creating hex file...
"T0_ring.axf" - 0 Error(s), 0 Warning(s).
Build target 'Target 1'
assembling Startup.s...
compiling t0_ring.c...
t0_ring.c(3): warning:  #1295-D: Deprecated declaration timer0_init - give arg types
t0_ring.c(38): warning:  #1-D: last line of file ends without a newline
linking...
Program Size: Code=836 RO-data=16 RW-data=0 ZI-data=1256  
FromELF: creating hex file...
"T0_ring.axf" - 0 Error(s), 2 Warning(s).
compiling t0_ring.c...
t0_ring.c(3): warning:  #1295-D: Deprecated declaration timer0_init - give arg types
t0_ring.c(45): warning:  #1-D: last line of file ends without a newline
t0_ring.c - 0 Error(s), 2 Warning(s).
compiling t0_ring.c...
t0_ring.c(3): warning:  #1295-D: Deprecated declaration timer0_init - give arg types
t0_ring.c(45): warning:  #1-D: last line of file ends without a newline
t0_ring.c - 0 Error(s), 2 Warning(s).
Build target 'Target 1'
linking...
Program Size: Code=856 RO-data=16 RW-data=0 ZI-data=1256  
FromELF: creating hex file...
"T0_ring.axf" - 0 Error(s), 0 Warning(s).
Build target 'Target 1'
assembling Startup.s...
compiling t0_ring.c...
t0_ring.c(3): warning:  #1295-D: Deprecated declaration timer0_init - give arg types
t0_ring.c(45): warning:  #1-D: last line of file ends without a newline
linking...
Program Size: Code=856 RO-data=16 RW-data=0 ZI-data=1256  
FromELF: creating hex file...
"T0_ring.axf" - 0 Error(s), 2 Warning(s).
Build target 'Target 1'
assembling Startup.s...
compiling t0_ring.c...
t0_ring.c(3): warning:  #1295-D: Deprecated declaration timer0_init - give arg types
t0_ring.c(45): warning:  #1-D: last line of file ends without a newline
linking...
Program Size: Code=860 RO-data=16 RW-data=0 ZI-data=1256  
FromELF: creating hex file...
"T0_ring.axf" - 0 Error(s), 2 Warning(s).
Build target 'Target 1'
assembling Startup.s...
compiling t0_ring.c...
t0_ring.c(3): warning:  #1295-D: Deprecated declaration timer0_init - give arg types
t0_ring.c(45): warning:  #1-D: last line of file ends without a newline
linking...
Program Size: Code=860 RO-data=16 RW-data=0 ZI-data=1256  
FromELF: creating hex file...
"T0_ring.axf" - 0 Error(s), 2 Warning(s).
compiling t0_ring_2.c...
t0_ring_2.c(3): warning:  #1295-D: Deprecated declaration timer0_init - give arg types
t0_ring_2.c(46): warning:  #1-D: last line of file ends without a newline
t0_ring_2.c - 0 Error(s), 2 Warning(s).
Build target 'Target 1'
linking...
Program Size: Code=880 RO-data=16 RW-data=0 ZI-data=1256  
FromELF: creating hex file...
"T0_ring.axf" - 0 Error(s), 0 Warning(s).
Build target 'Target 1'
assembling Startup.s...
compiling t0_ring_2.c...
t0_ring_2.c(3): warning:  #1295-D: Deprecated declaration timer0_init - give arg types
t0_ring_2.c(46): warning:  #1-D: last line of file ends without a newline
linking...
Program Size: Code=880 RO-data=16 RW-data=0 ZI-data=1256  
FromELF: creating hex file...
"T0_ring.axf" - 0 Error(s), 2 Warning(s).
Build target 'Target 1'
assembling Startup.s...
compiling t0_ring_2.c...
t0_ring_2.c(3): warning:  #1295-D: Deprecated declaration timer0_init - give arg types
t0_ring_2.c(46): warning:  #1-D: last line of file ends without a newline
linking...
Program Size: Code=880 RO-data=16 RW-data=0 ZI-data=1256  
FromELF: creating hex file...
"T0_ring.axf" - 0 Error(s), 2 Warning(s).
Build target 'Target 1'
assembling Startup.s...
compiling t0_ring_2.c...
t0_ring_2.c(3): warning:  #1295-D: Deprecated declaration timer0_init - give arg types
t0_ring_2.c(47): warning:  #1-D: last line of file ends without a newline
linking...
Program Size: Code=880 RO-data=16 RW-data=0 ZI-data=1256  
FromELF: creating hex file...
"T0_ring.axf" - 0 Error(s), 2 Warning(s).
compiling t0_ring_2.c...
t0_ring_2.c(3): warning:  #1295-D: Deprecated declaration timer0_init - give arg types
t0_ring_2.c - 0 Error(s), 1 Warning(s).
Build target 'Target 1'
assembling Startup.s...
compiling t0_ring_2.c...
t0_ring_2.c(3): warning:  #1295-D: Deprecated declaration timer0_init - give arg types
linking...
Program Size: Code=880 RO-data=16 RW-data=0 ZI-data=1256  
FromELF: creating hex file...
"T0_ring.axf" - 0 Error(s), 1 Warning(s).
Build target 'Target 1'
assembling Startup.s...
compiling t0_ring_2.c...
t0_ring_2.c(3): warning:  #1295-D: Deprecated declaration timer0_init - give arg types
linking...
Program Size: Code=880 RO-data=16 RW-data=0 ZI-data=1256  
FromELF: creating hex file...
"T0_ring.axf" - 0 Error(s), 1 Warning(s).
