<html>
<body>
<pre>
<h1>µVision Build Log</h1>
<h2>Project:</h2>
D:\work_HANDSON\task3_embedded\task3.uvproj
Project File Date:  11/18/2020

<h2>Output:</h2>
Build target 'Target 1'
assembling Startup.s...
compiling task3_code1.c...
task3_code1.c(22): warning:  #1-D: last line of file ends without a newline
linking...
Program Size: Code=568 RO-data=16 RW-data=0 ZI-data=1256  
"task3.axf" - 0 Error(s), 1 Warning(s).
Build target 'Target 1'
assembling Startup.s...
compiling task3_code1.c...
task3_code1.c(22): warning:  #1-D: last line of file ends without a newline
linking...
Program Size: Code=568 RO-data=16 RW-data=0 ZI-data=1256  
"task3.axf" - 0 Error(s), 1 Warning(s).
Build target 'Target 1'
assembling Startup.s...
compiling task3_code2.c...
task3_code2.c(26): warning:  #1-D: last line of file ends without a newline
linking...
Program Size: Code=872 RO-data=16 RW-data=0 ZI-data=1256  
"task3.axf" - 0 Error(s), 1 Warning(s).
Build target 'Target 1'
assembling Startup.s...
compiling task3_code2.c...
task3_code2.c(26): warning:  #1-D: last line of file ends without a newline
linking...
Program Size: Code=872 RO-data=16 RW-data=0 ZI-data=1256  
"task3_code2.axf" - 0 Error(s), 1 Warning(s).
Build target 'Target 1'
assembling Startup.s...
compiling task3_code2.c...
task3_code2.c(26): warning:  #1-D: last line of file ends without a newline
linking...
Program Size: Code=872 RO-data=16 RW-data=0 ZI-data=1256  
FromELF: creating hex file...
"task3_code2.axf" - 0 Error(s), 1 Warning(s).
Build target 'Target 1'
assembling Startup.s...
compiling task3_code2.c...
task3_code2.c(26): warning:  #1-D: last line of file ends without a newline
linking...
Program Size: Code=872 RO-data=16 RW-data=0 ZI-data=1256  
FromELF: creating hex file...
"task3_code2.axf" - 0 Error(s), 1 Warning(s).
Build target 'Target 1'
assembling Startup.s...
compiling task3_code2.c...
task3_code2.c(24): warning:  #1-D: last line of file ends without a newline
linking...
Program Size: Code=852 RO-data=16 RW-data=0 ZI-data=1256  
FromELF: creating hex file...
"task3_code2.axf" - 0 Error(s), 1 Warning(s).
Build target 'Target 1'
assembling Startup.s...
compiling task3_code2.c...
task3_code2.c(24): warning:  #1-D: last line of file ends without a newline
linking...
Program Size: Code=852 RO-data=16 RW-data=0 ZI-data=1256  
FromELF: creating hex file...
"task3_code2.axf" - 0 Error(s), 1 Warning(s).
Build target 'Target 1'
assembling Startup.s...
compiling task3_code3.c...
task3_code3.c(28): warning:  #1-D: last line of file ends without a newline
linking...
Program Size: Code=892 RO-data=16 RW-data=0 ZI-data=1256  
FromELF: creating hex file...
"task3_code3.axf" - 0 Error(s), 1 Warning(s).
compiling pwm_test.c...
pwm_test.c(4): error:  #20: identifier "PINSEL0" is undefined
pwm_test.c(5): error:  #20: identifier "IO0DIR" is undefined
pwm_test.c(6): error:  #20: identifier "PWMTCR" is undefined
pwm_test.c(7): error:  #20: identifier "PWMPR" is undefined
pwm_test.c(8): error:  #20: identifier "PWMMR0" is undefined
pwm_test.c(9): error:  #20: identifier "PWMMR1" is undefined
pwm_test.c(10): error:  #20: identifier "PWMLER" is undefined
pwm_test.c(11): error:  #29: expected an expression
pwm_test.c(12): warning:  #1-D: last line of file ends without a newline
pwm_test.c - 8 Error(s), 1 Warning(s).
compiling pwm_test.c...
pwm_test.c(4): error:  #20: identifier "PINSEL0" is undefined
pwm_test.c(5): error:  #20: identifier "IO0DIR" is undefined
pwm_test.c(6): error:  #20: identifier "PWMTCR" is undefined
pwm_test.c(7): error:  #20: identifier "PWMPR" is undefined
pwm_test.c(8): error:  #20: identifier "PWMMR0" is undefined
pwm_test.c(9): error:  #20: identifier "PWMMR1" is undefined
pwm_test.c(10): error:  #20: identifier "PWMMCR" is undefined
pwm_test.c(11): error:  #20: identifier "PWMLER" is undefined
pwm_test.c(12): error:  #29: expected an expression
pwm_test.c(14): warning:  #1-D: last line of file ends without a newline
pwm_test.c - 9 Error(s), 1 Warning(s).
compiling pwm_test.c...
pwm_test.c(12): error:  #29: expected an expression
pwm_test.c(14): warning:  #1-D: last line of file ends without a newline
pwm_test.c - 1 Error(s), 1 Warning(s).
compiling pwm_test.c...
pwm_test.c(14): warning:  #1-D: last line of file ends without a newline
pwm_test.c - 0 Error(s), 1 Warning(s).
Build target 'Target 1'
assembling Startup.s...
compiling pwm_test.c...
pwm_test.c(14): warning:  #1-D: last line of file ends without a newline
linking...
Program Size: Code=784 RO-data=16 RW-data=0 ZI-data=1256  
FromELF: creating hex file...
"task3_code3.axf" - 0 Error(s), 1 Warning(s).
