<html>
<body>
<pre>
<h1>µVision Build Log</h1>
<h2>Project:</h2>
D:\work_HANDSON\task3_embedded\task3.uvproj
Project File Date:  11/25/2020

<h2>Output:</h2>
compiling task3_ques5.c...
task3_ques5.c - 0 Error(s), 0 Warning(s).
Build target 'Target 1'
assembling Startup.s...
compiling task3_ques5.c...
linking...
Program Size: Code=2100 RO-data=32 RW-data=16 ZI-data=1256  
FromELF: creating hex file...
"task3_code3.axf" - 0 Error(s), 0 Warning(s).
Build target 'Target 1'
assembling Startup.s...
compiling task3_ques5.c...
linking...
Program Size: Code=2100 RO-data=32 RW-data=16 ZI-data=1256  
FromELF: creating hex file...
"task3_code3.axf" - 0 Error(s), 0 Warning(s).
Build target 'Target 1'
assembling Startup.s...
compiling task3_ques5.c...
linking...
Program Size: Code=2100 RO-data=32 RW-data=16 ZI-data=1256  
FromELF: creating hex file...
"task3_code3.axf" - 0 Error(s), 0 Warning(s).
Build target 'Target 1'
assembling Startup.s...
compiling task3_ques5.c...
linking...
Program Size: Code=2100 RO-data=32 RW-data=16 ZI-data=1256  
FromELF: creating hex file...
"task3_code3.axf" - 0 Error(s), 0 Warning(s).
compiling PWM_TEST2.c...
PWM_TEST2.c(16): warning:  #111-D: statement is unreachable
PWM_TEST2.c(17): warning:  #1-D: last line of file ends without a newline
PWM_TEST2.c - 0 Error(s), 2 Warning(s).
Build target 'Target 1'
assembling Startup.s...
compiling PWM_TEST2.c...
PWM_TEST2.c(16): warning:  #111-D: statement is unreachable
PWM_TEST2.c(17): warning:  #1-D: last line of file ends without a newline
linking...
Program Size: Code=812 RO-data=16 RW-data=0 ZI-data=1256  
FromELF: creating hex file...
"task3_code3.axf" - 0 Error(s), 2 Warning(s).
compiling task3_code4.c...
task3_code4.c(68): warning:  #1-D: last line of file ends without a newline
task3_code4.c - 0 Error(s), 1 Warning(s).
Build target 'Target 1'
linking...
Program Size: Code=1172 RO-data=16 RW-data=0 ZI-data=1256  
FromELF: creating hex file...
"task3_code3.axf" - 0 Error(s), 0 Warning(s).
compiling task3_ques5.c...
task3_ques5.c - 0 Error(s), 0 Warning(s).
Build target 'Target 1'
assembling Startup.s...
compiling task3_ques5.c...
linking...
Program Size: Code=2100 RO-data=32 RW-data=16 ZI-data=1256  
FromELF: creating hex file...
"task3_code3.axf" - 0 Error(s), 0 Warning(s).
compiling task3_ques5.c...
task3_ques5.c - 0 Error(s), 0 Warning(s).
Build target 'Target 1'
assembling Startup.s...
compiling task3_ques5.c...
linking...
Program Size: Code=2108 RO-data=32 RW-data=16 ZI-data=1256  
FromELF: creating hex file...
"task3_code3.axf" - 0 Error(s), 0 Warning(s).
Build target 'Target 1'
assembling Startup.s...
compiling task3_ques5.c...
linking...
Program Size: Code=2108 RO-data=32 RW-data=16 ZI-data=1256  
FromELF: creating hex file...
"task3_code3.axf" - 0 Error(s), 0 Warning(s).
compiling task3_ques5.c...
task3_ques5.c(153): warning:  #1-D: last line of file ends without a newline
task3_ques5.c - 0 Error(s), 1 Warning(s).
Build target 'Target 1'
assembling Startup.s...
compiling task3_ques5.c...
task3_ques5.c(153): warning:  #1-D: last line of file ends without a newline
linking...
Program Size: Code=2020 RO-data=32 RW-data=16 ZI-data=1256  
FromELF: creating hex file...
"task3_code3.axf" - 0 Error(s), 1 Warning(s).
compiling task3_ques5.c...
task3_ques5.c(153): warning:  #1-D: last line of file ends without a newline
task3_ques5.c - 0 Error(s), 1 Warning(s).
Build target 'Target 1'
assembling Startup.s...
compiling task3_ques5.c...
task3_ques5.c(153): warning:  #1-D: last line of file ends without a newline
linking...
Program Size: Code=2020 RO-data=32 RW-data=16 ZI-data=1256  
FromELF: creating hex file...
"task3_code3.axf" - 0 Error(s), 1 Warning(s).
Build target 'Target 1'
assembling Startup.s...
compiling task3_ques5.c...
task3_ques5.c(153): warning:  #1-D: last line of file ends without a newline
linking...
Program Size: Code=2020 RO-data=32 RW-data=16 ZI-data=1256  
FromELF: creating hex file...
"task3_code3.axf" - 0 Error(s), 1 Warning(s).
Build target 'Target 1'
assembling Startup.s...
compiling task3_ques5.c...
task3_ques5.c(153): warning:  #1-D: last line of file ends without a newline
linking...
Program Size: Code=2020 RO-data=32 RW-data=16 ZI-data=1256  
FromELF: creating hex file...
"task3_code3.axf" - 0 Error(s), 1 Warning(s).
Build target 'Target 1'
assembling Startup.s...
compiling task3_ques5.c...
task3_ques5.c(52): warning:  #177-D: variable "duty_cycle" was declared but never referenced
task3_ques5.c(153): warning:  #1-D: last line of file ends without a newline
linking...
Program Size: Code=1960 RO-data=32 RW-data=16 ZI-data=1256  
FromELF: creating hex file...
"task3_code3.axf" - 0 Error(s), 2 Warning(s).
Build target 'Target 1'
assembling Startup.s...
compiling task3_ques5.c...
task3_ques5.c(52): warning:  #177-D: variable "duty_cycle" was declared but never referenced
task3_ques5.c(153): warning:  #1-D: last line of file ends without a newline
linking...
Program Size: Code=1964 RO-data=32 RW-data=16 ZI-data=1256  
FromELF: creating hex file...
"task3_code3.axf" - 0 Error(s), 2 Warning(s).
Build target 'Target 1'
assembling Startup.s...
compiling task3_ques5.c...
task3_ques5.c(52): warning:  #177-D: variable "duty_cycle" was declared but never referenced
task3_ques5.c(153): warning:  #1-D: last line of file ends without a newline
linking...
Program Size: Code=1964 RO-data=32 RW-data=16 ZI-data=1256  
FromELF: creating hex file...
"task3_code3.axf" - 0 Error(s), 2 Warning(s).
Build target 'Target 1'
assembling Startup.s...
compiling task3_ques5.c...
task3_ques5.c(52): warning:  #177-D: variable "duty_cycle" was declared but never referenced
task3_ques5.c(153): warning:  #1-D: last line of file ends without a newline
linking...
Program Size: Code=1964 RO-data=32 RW-data=16 ZI-data=1256  
FromELF: creating hex file...
"task3_code3.axf" - 0 Error(s), 2 Warning(s).
Build target 'Target 1'
assembling Startup.s...
compiling task3_ques5.c...
task3_ques5.c(52): warning:  #177-D: variable "duty_cycle" was declared but never referenced
task3_ques5.c(153): warning:  #1-D: last line of file ends without a newline
linking...
Program Size: Code=1948 RO-data=32 RW-data=16 ZI-data=1256  
FromELF: creating hex file...
"task3_code3.axf" - 0 Error(s), 2 Warning(s).
Build target 'Target 1'
assembling Startup.s...
compiling task3_ques5.c...
task3_ques5.c(51): warning:  #177-D: variable "freq" was declared but never referenced
task3_ques5.c(153): warning:  #1-D: last line of file ends without a newline
linking...
Program Size: Code=1948 RO-data=32 RW-data=16 ZI-data=1256  
FromELF: creating hex file...
"task3_code3.axf" - 0 Error(s), 2 Warning(s).
Build target 'Target 1'
assembling Startup.s...
compiling task3_ques5.c...
task3_ques5.c(51): warning:  #177-D: variable "freq" was declared but never referenced
task3_ques5.c(153): warning:  #1-D: last line of file ends without a newline
linking...
Program Size: Code=1948 RO-data=32 RW-data=16 ZI-data=1256  
FromELF: creating hex file...
"task3_code3.axf" - 0 Error(s), 2 Warning(s).
Build target 'Target 1'
assembling Startup.s...
compiling task3_ques5.c...
task3_ques5.c(51): warning:  #177-D: variable "freq" was declared but never referenced
task3_ques5.c(153): warning:  #1-D: last line of file ends without a newline
linking...
Program Size: Code=1900 RO-data=32 RW-data=16 ZI-data=1256  
FromELF: creating hex file...
"task3_code3.axf" - 0 Error(s), 2 Warning(s).
Build target 'Target 1'
assembling Startup.s...
compiling task3_ques5.c...
task3_ques5.c(51): warning:  #177-D: variable "freq" was declared but never referenced
task3_ques5.c(153): warning:  #1-D: last line of file ends without a newline
linking...
Program Size: Code=1900 RO-data=32 RW-data=16 ZI-data=1256  
FromELF: creating hex file...
"task3_code3.axf" - 0 Error(s), 2 Warning(s).
Build target 'Target 1'
assembling Startup.s...
compiling task3_ques5.c...
task3_ques5.c(51): warning:  #177-D: variable "freq" was declared but never referenced
task3_ques5.c(154): warning:  #1-D: last line of file ends without a newline
linking...
Program Size: Code=1908 RO-data=32 RW-data=16 ZI-data=1256  
FromELF: creating hex file...
"task3_code3.axf" - 0 Error(s), 2 Warning(s).
Build target 'Target 1'
assembling Startup.s...
compiling task3_ques5.c...
task3_ques5.c(51): warning:  #177-D: variable "freq" was declared but never referenced
task3_ques5.c(154): warning:  #1-D: last line of file ends without a newline
linking...
Program Size: Code=1948 RO-data=32 RW-data=16 ZI-data=1256  
FromELF: creating hex file...
"task3_code3.axf" - 0 Error(s), 2 Warning(s).
compiling task3_ques5.c...
task3_ques5.c(51): warning:  #177-D: variable "freq" was declared but never referenced
task3_ques5.c(154): warning:  #1-D: last line of file ends without a newline
task3_ques5.c - 0 Error(s), 2 Warning(s).
Build target 'Target 1'
assembling Startup.s...
compiling task3_ques5.c...
task3_ques5.c(51): warning:  #177-D: variable "freq" was declared but never referenced
task3_ques5.c(154): warning:  #1-D: last line of file ends without a newline
linking...
Program Size: Code=1964 RO-data=32 RW-data=16 ZI-data=1256  
FromELF: creating hex file...
"task3_code3.axf" - 0 Error(s), 2 Warning(s).
Build target 'Target 1'
assembling Startup.s...
compiling task3_ques5.c...
task3_ques5.c(51): warning:  #177-D: variable "freq" was declared but never referenced
task3_ques5.c(154): warning:  #1-D: last line of file ends without a newline
linking...
Program Size: Code=1964 RO-data=32 RW-data=16 ZI-data=1256  
FromELF: creating hex file...
"task3_code3.axf" - 0 Error(s), 2 Warning(s).
Build target 'Target 1'
assembling Startup.s...
compiling task3_ques5.c...
task3_ques5.c(52): warning:  #177-D: variable "duty_cycle" was declared but never referenced
task3_ques5.c(154): warning:  #1-D: last line of file ends without a newline
linking...
Program Size: Code=1964 RO-data=32 RW-data=16 ZI-data=1256  
FromELF: creating hex file...
"task3_code3.axf" - 0 Error(s), 2 Warning(s).
Build target 'Target 1'
assembling Startup.s...
compiling task3_ques5.c...
task3_ques5.c(52): warning:  #177-D: variable "duty_cycle" was declared but never referenced
task3_ques5.c(154): warning:  #1-D: last line of file ends without a newline
linking...
Program Size: Code=1948 RO-data=32 RW-data=16 ZI-data=1256  
FromELF: creating hex file...
"task3_code3.axf" - 0 Error(s), 2 Warning(s).
Build target 'Target 1'
assembling Startup.s...
compiling task3_ques5.c...
task3_ques5.c(52): warning:  #177-D: variable "duty_cycle" was declared but never referenced
task3_ques5.c(154): warning:  #1-D: last line of file ends without a newline
linking...
Program Size: Code=1988 RO-data=32 RW-data=16 ZI-data=1256  
FromELF: creating hex file...
"task3_code3.axf" - 0 Error(s), 2 Warning(s).
Build target 'Target 1'
assembling Startup.s...
compiling task3_ques5.c...
task3_ques5.c(52): warning:  #177-D: variable "duty_cycle" was declared but never referenced
task3_ques5.c(154): warning:  #1-D: last line of file ends without a newline
linking...
Program Size: Code=1968 RO-data=32 RW-data=16 ZI-data=1256  
FromELF: creating hex file...
"task3_code3.axf" - 0 Error(s), 2 Warning(s).
Build target 'Target 1'
assembling Startup.s...
compiling task3_ques5.c...
task3_ques5.c(52): warning:  #177-D: variable "duty_cycle" was declared but never referenced
task3_ques5.c(154): warning:  #1-D: last line of file ends without a newline
linking...
Program Size: Code=1968 RO-data=32 RW-data=16 ZI-data=1256  
FromELF: creating hex file...
"task3_code3.axf" - 0 Error(s), 2 Warning(s).
Build target 'Target 1'
assembling Startup.s...
compiling task3_ques5.c...
task3_ques5.c(52): warning:  #177-D: variable "duty_cycle" was declared but never referenced
task3_ques5.c(154): warning:  #1-D: last line of file ends without a newline
linking...
Program Size: Code=1988 RO-data=32 RW-data=16 ZI-data=1256  
FromELF: creating hex file...
"task3_code3.axf" - 0 Error(s), 2 Warning(s).
Build target 'Target 1'
assembling Startup.s...
compiling task3_ques5.c...
task3_ques5.c(52): warning:  #177-D: variable "duty_cycle" was declared but never referenced
task3_ques5.c(154): warning:  #1-D: last line of file ends without a newline
linking...
Program Size: Code=1988 RO-data=32 RW-data=16 ZI-data=1256  
FromELF: creating hex file...
"task3_code3.axf" - 0 Error(s), 2 Warning(s).
Build target 'Target 1'
assembling Startup.s...
compiling task3_ques5.c...
task3_ques5.c(154): warning:  #1-D: last line of file ends without a newline
linking...
Program Size: Code=2052 RO-data=32 RW-data=16 ZI-data=1256  
FromELF: creating hex file...
"task3_code3.axf" - 0 Error(s), 1 Warning(s).
