<html>
<body>
<pre>
<h1>µVision Build Log</h1>
<h2>Project:</h2>
D:\work_HANDSON\task2_embedded\task2.uvproj
Project File Date:  11/24/2020

<h2>Output:</h2>
compiling task2_ques8.c...
task2_ques8.c(56): warning:  #1-D: last line of file ends without a newline
task2_ques8.c - 0 Error(s), 1 Warning(s).
compiling task2_ques8.c...
task2_ques8.c(55): warning:  #1-D: last line of file ends without a newline
task2_ques8.c - 0 Error(s), 1 Warning(s).
Build target 'Target 1'
compiling task2_ques8.c...
linking...
Program Size: Code=1036 RO-data=16 RW-data=0 ZI-data=1256  
FromELF: creating hex file...
"task2_external_int.axf" - 0 Error(s), 0 Warning(s).
compiling task2_ques8.c...
task2_ques8.c - 0 Error(s), 0 Warning(s).
Build target 'Target 1'
linking...
Program Size: Code=1064 RO-data=16 RW-data=0 ZI-data=1256  
FromELF: creating hex file...
"task2_external_int.axf" - 0 Error(s), 0 Warning(s).
Build target 'Target 1'
assembling Startup.s...
compiling task2_ques8.c...
linking...
Program Size: Code=1028 RO-data=16 RW-data=0 ZI-data=1256  
FromELF: creating hex file...
"task2_external_int.axf" - 0 Error(s), 0 Warning(s).
Build target 'Target 1'
assembling Startup.s...
compiling task2_ques8.c...
linking...
Program Size: Code=1020 RO-data=16 RW-data=0 ZI-data=1256  
FromELF: creating hex file...
"task2_external_int.axf" - 0 Error(s), 0 Warning(s).
Build target 'Target 1'
assembling Startup.s...
compiling task2_ques8.c...
linking...
Program Size: Code=1020 RO-data=16 RW-data=0 ZI-data=1256  
FromELF: creating hex file...
"task2_external_int.axf" - 0 Error(s), 0 Warning(s).
Build target 'Target 1'
assembling Startup.s...
compiling task2_ques8.c...
linking...
Program Size: Code=1008 RO-data=16 RW-data=0 ZI-data=1256  
FromELF: creating hex file...
"task2_external_int.axf" - 0 Error(s), 0 Warning(s).
Build target 'Target 1'
assembling Startup.s...
compiling task2_ques8.c...
linking...
Program Size: Code=956 RO-data=16 RW-data=0 ZI-data=1256  
FromELF: creating hex file...
"task2_external_int.axf" - 0 Error(s), 0 Warning(s).
Build target 'Target 1'
assembling Startup.s...
compiling task2_ques8.c...
linking...
Program Size: Code=956 RO-data=16 RW-data=0 ZI-data=1256  
FromELF: creating hex file...
"task2_external_int.axf" - 0 Error(s), 0 Warning(s).
Build target 'Target 1'
assembling Startup.s...
compiling task2_ques8.c...
linking...
Program Size: Code=972 RO-data=16 RW-data=0 ZI-data=1256  
FromELF: creating hex file...
"task2_external_int.axf" - 0 Error(s), 0 Warning(s).
Build target 'Target 1'
assembling Startup.s...
compiling task2_ques8.c...
linking...
Program Size: Code=968 RO-data=16 RW-data=0 ZI-data=1256  
FromELF: creating hex file...
"task2_external_int.axf" - 0 Error(s), 0 Warning(s).
Build target 'Target 1'
assembling Startup.s...
compiling task2_ques8.c...
linking...
Program Size: Code=956 RO-data=16 RW-data=0 ZI-data=1256  
FromELF: creating hex file...
"task2_external_int.axf" - 0 Error(s), 0 Warning(s).
Build target 'Target 1'
assembling Startup.s...
compiling task2_ques8.c...
linking...
Program Size: Code=976 RO-data=16 RW-data=0 ZI-data=1256  
FromELF: creating hex file...
"task2_external_int.axf" - 0 Error(s), 0 Warning(s).
Build target 'Target 1'
assembling Startup.s...
compiling task2_ques8.c...
linking...
Program Size: Code=976 RO-data=16 RW-data=0 ZI-data=1256  
FromELF: creating hex file...
"task2_external_int.axf" - 0 Error(s), 0 Warning(s).
Build target 'Target 1'
assembling Startup.s...
compiling task2_ques8.c...
linking...
Program Size: Code=976 RO-data=16 RW-data=0 ZI-data=1256  
FromELF: creating hex file...
"task2_external_int.axf" - 0 Error(s), 0 Warning(s).
Build target 'Target 1'
assembling Startup.s...
compiling task2_ques8.c...
linking...
Program Size: Code=1028 RO-data=16 RW-data=0 ZI-data=1256  
FromELF: creating hex file...
"task2_external_int.axf" - 0 Error(s), 0 Warning(s).
Build target 'Target 1'
assembling Startup.s...
compiling task2_ques8.c...
linking...
Program Size: Code=1028 RO-data=16 RW-data=0 ZI-data=1256  
FromELF: creating hex file...
"task2_external_int.axf" - 0 Error(s), 0 Warning(s).
Build target 'Target 1'
assembling Startup.s...
compiling task2_ques8.c...
linking...
Program Size: Code=1016 RO-data=16 RW-data=0 ZI-data=1256  
FromELF: creating hex file...
"task2_external_int.axf" - 0 Error(s), 0 Warning(s).
Build target 'Target 1'
assembling Startup.s...
compiling task2_ques8.c...
linking...
Program Size: Code=1032 RO-data=16 RW-data=0 ZI-data=1256  
FromELF: creating hex file...
"task2_external_int.axf" - 0 Error(s), 0 Warning(s).
Build target 'Target 1'
assembling Startup.s...
compiling task2_ques8.c...
linking...
Program Size: Code=1032 RO-data=16 RW-data=0 ZI-data=1256  
FromELF: creating hex file...
"task2_external_int.axf" - 0 Error(s), 0 Warning(s).
Build target 'Target 1'
assembling Startup.s...
compiling task2_ques8.c...
linking...
Program Size: Code=1028 RO-data=16 RW-data=0 ZI-data=1256  
FromELF: creating hex file...
"task2_external_int.axf" - 0 Error(s), 0 Warning(s).
compiling task2_ques8.c...
task2_ques8.c - 0 Error(s), 0 Warning(s).
Build target 'Target 1'
assembling Startup.s...
compiling task2_ques8.c...
linking...
Program Size: Code=1028 RO-data=16 RW-data=0 ZI-data=1256  
FromELF: creating hex file...
"task2_external_int.axf" - 0 Error(s), 0 Warning(s).
