<html>
<body>
<pre>
<h1>µVision Build Log</h1>
<h2>Project:</h2>
D:\work_HANDSON\task2\task2.uvproj
Project File Date:  11/11/2020

<h2>Output:</h2>
Build target 'Target 1'
assembling Startup.s...
compiling switch_1.c...
linking...
Program Size: Code=760 RO-data=16 RW-data=0 ZI-data=1256  
FromELF: creating hex file...
"task2_sw_1.axf" - 0 Error(s), 0 Warning(s).
Build target 'Target 1'
assembling Startup.s...
compiling switch_2_real.c...
switch_2_real.c(28): warning:  #1-D: last line of file ends without a newline
linking...
Program Size: Code=832 RO-data=16 RW-data=0 ZI-data=1256  
FromELF: creating hex file...
"task2_sw_2.axf" - 0 Error(s), 1 Warning(s).
Build target 'Target 1'
assembling Startup.s...
compiling switch_3.c...
linking...
Program Size: Code=900 RO-data=16 RW-data=0 ZI-data=1256  
FromELF: creating hex file...
"task2_sw_2.axf" - 0 Error(s), 0 Warning(s).
Build target 'Target 1'
assembling Startup.s...
compiling switch_2_real.c...
switch_2_real.c(28): warning:  #1-D: last line of file ends without a newline
linking...
Program Size: Code=832 RO-data=16 RW-data=0 ZI-data=1256  
FromELF: creating hex file...
"task2_sw_2.axf" - 0 Error(s), 1 Warning(s).
Build target 'Target 1'
assembling Startup.s...
compiling switch_3.c...
linking...
Program Size: Code=900 RO-data=16 RW-data=0 ZI-data=1256  
FromELF: creating hex file...
"task2_sw_3.axf" - 0 Error(s), 0 Warning(s).
Build target 'Target 1'
assembling Startup.s...
compiling switch_4.c...
linking...
Program Size: Code=860 RO-data=16 RW-data=0 ZI-data=1256  
FromELF: creating hex file...
"task2_sw_4.axf" - 0 Error(s), 0 Warning(s).
Build target 'Target 1'
assembling Startup.s...
compiling switch_5.c...
switch_5.c(35): warning:  #1-D: last line of file ends without a newline
linking...
Program Size: Code=940 RO-data=16 RW-data=0 ZI-data=1256  
FromELF: creating hex file...
"task2_sw_5.axf" - 0 Error(s), 1 Warning(s).
