<html>
<body>
<pre>
<h1>µVision Build Log</h1>
<h2>Project:</h2>
D:\work_HANDSON\task2_embedded\task2.uvproj
Project File Date:  11/23/2020

<h2>Output:</h2>
Build target 'Target 1'
assembling Startup.s...
compiling ext_interrupt.c...
linking...
Program Size: Code=1008 RO-data=16 RW-data=0 ZI-data=1256  
FromELF: creating hex file...
"task2_sw_5.axf" - 0 Error(s), 0 Warning(s).
Build target 'Target 1'
assembling Startup.s...
compiling ext_interrupt.c...
linking...
Program Size: Code=980 RO-data=16 RW-data=0 ZI-data=1256  
FromELF: creating hex file...
"task2_sw_5.axf" - 0 Error(s), 0 Warning(s).
compiling ext_interrupt.c...
ext_interrupt.c - 0 Error(s), 0 Warning(s).
Build target 'Target 1'
assembling Startup.s...
compiling ext_interrupt.c...
linking...
Program Size: Code=980 RO-data=16 RW-data=0 ZI-data=1256  
FromELF: creating hex file...
"task2_sw_5.axf" - 0 Error(s), 0 Warning(s).
Build target 'Target 1'
assembling Startup.s...
compiling ext_interrupt.c...
ext_interrupt.c(25): error:  #65: expected a ";"
Target not created
compiling ext_interrupt.c...
ext_interrupt.c(25): error:  #65: expected a ";"
ext_interrupt.c - 1 Error(s), 0 Warning(s).
Build target 'Target 1'
assembling Startup.s...
compiling ext_interrupt.c...
linking...
Program Size: Code=972 RO-data=16 RW-data=0 ZI-data=1256  
FromELF: creating hex file...
"task2_sw_5.axf" - 0 Error(s), 0 Warning(s).
Build target 'Target 1'
assembling Startup.s...
compiling ext_interrupt.c...
linking...
Program Size: Code=964 RO-data=16 RW-data=0 ZI-data=1256  
FromELF: creating hex file...
"task2_sw_5.axf" - 0 Error(s), 0 Warning(s).
Build target 'Target 1'
assembling Startup.s...
compiling ext_interrupt.c...
linking...
Program Size: Code=964 RO-data=16 RW-data=0 ZI-data=1256  
FromELF: creating hex file...
"task2_sw_5.axf" - 0 Error(s), 0 Warning(s).
Build target 'Target 1'
assembling Startup.s...
compiling ext_interrupt.c...
linking...
Program Size: Code=964 RO-data=16 RW-data=0 ZI-data=1256  
FromELF: creating hex file...
"task2_external_int.axf" - 0 Error(s), 0 Warning(s).
Build target 'Target 1'
assembling Startup.s...
compiling ext_interrupt.c...
linking...
Program Size: Code=992 RO-data=16 RW-data=0 ZI-data=1256  
FromELF: creating hex file...
"task2_external_int.axf" - 0 Error(s), 0 Warning(s).
Build target 'Target 1'
assembling Startup.s...
compiling ext_interrupt.c...
linking...
Program Size: Code=992 RO-data=16 RW-data=0 ZI-data=1256  
FromELF: creating hex file...
"task2_external_int.axf" - 0 Error(s), 0 Warning(s).
Build target 'Target 1'
assembling Startup.s...
compiling ext_interrupt.c...
linking...
Program Size: Code=980 RO-data=16 RW-data=0 ZI-data=1256  
FromELF: creating hex file...
"task2_external_int.axf" - 0 Error(s), 0 Warning(s).
Build target 'Target 1'
assembling Startup.s...
compiling ext_interrupt.c...
linking...
Program Size: Code=980 RO-data=16 RW-data=0 ZI-data=1256  
FromELF: creating hex file...
"task2_external_int.axf" - 0 Error(s), 0 Warning(s).
compiling ext_interrupt.c...
ext_interrupt.c - 0 Error(s), 0 Warning(s).
Build target 'Target 1'
assembling Startup.s...
compiling ext_interrupt.c...
linking...
Program Size: Code=964 RO-data=16 RW-data=0 ZI-data=1256  
FromELF: creating hex file...
"task2_external_int.axf" - 0 Error(s), 0 Warning(s).
Build target 'Target 1'
assembling Startup.s...
compiling ext_interrupt.c...
linking...
Program Size: Code=964 RO-data=16 RW-data=0 ZI-data=1256  
FromELF: creating hex file...
"task2_external_int.axf" - 0 Error(s), 0 Warning(s).
Build target 'Target 1'
assembling Startup.s...
compiling ext_interrupt.c...
linking...
Program Size: Code=964 RO-data=16 RW-data=0 ZI-data=1256  
FromELF: creating hex file...
"task2_external_int.axf" - 0 Error(s), 0 Warning(s).
Build target 'Target 1'
assembling Startup.s...
compiling ext_interrupt.c...
linking...
Program Size: Code=964 RO-data=16 RW-data=0 ZI-data=1256  
FromELF: creating hex file...
"task2_external_int.axf" - 0 Error(s), 0 Warning(s).
compiling task2_ques6.c...
task2_ques6.c - 0 Error(s), 0 Warning(s).
compiling task2_ques6.c...
task2_ques6.c - 0 Error(s), 0 Warning(s).
Build target 'Target 1'
linking...
Program Size: Code=992 RO-data=16 RW-data=0 ZI-data=1256  
FromELF: creating hex file...
"task2_external_int.axf" - 0 Error(s), 0 Warning(s).
Build target 'Target 1'
assembling Startup.s...
compiling task2_ques6.c...
linking...
Program Size: Code=992 RO-data=16 RW-data=0 ZI-data=1256  
FromELF: creating hex file...
"task2_external_int.axf" - 0 Error(s), 0 Warning(s).
Build target 'Target 1'
assembling Startup.s...
compiling task2_ques6.c...
linking...
Program Size: Code=992 RO-data=16 RW-data=0 ZI-data=1256  
FromELF: creating hex file...
"task2_external_int.axf" - 0 Error(s), 0 Warning(s).
Build target 'Target 1'
assembling Startup.s...
compiling task2_ques6.c...
linking...
Program Size: Code=996 RO-data=16 RW-data=0 ZI-data=1256  
FromELF: creating hex file...
"task2_external_int.axf" - 0 Error(s), 0 Warning(s).
compiling task2_ques6.c...
task2_ques6.c - 0 Error(s), 0 Warning(s).
Build target 'Target 1'
linking...
Program Size: Code=1000 RO-data=16 RW-data=0 ZI-data=1256  
FromELF: creating hex file...
"task2_external_int.axf" - 0 Error(s), 0 Warning(s).
Build target 'Target 1'
assembling Startup.s...
compiling task2_ques6.c...
linking...
Program Size: Code=1000 RO-data=16 RW-data=0 ZI-data=1256  
FromELF: creating hex file...
"task2_external_int.axf" - 0 Error(s), 0 Warning(s).
Build target 'Target 1'
assembling Startup.s...
compiling task2_ques6.c...
linking...
Program Size: Code=1000 RO-data=16 RW-data=0 ZI-data=1256  
FromELF: creating hex file...
"task2_external_int.axf" - 0 Error(s), 0 Warning(s).
Build target 'Target 1'
assembling Startup.s...
compiling task2_ques6.c...
linking...
Program Size: Code=992 RO-data=16 RW-data=0 ZI-data=1256  
FromELF: creating hex file...
"task2_external_int.axf" - 0 Error(s), 0 Warning(s).
Build target 'Target 1'
assembling Startup.s...
compiling task2_ques6.c...
linking...
Program Size: Code=996 RO-data=16 RW-data=0 ZI-data=1256  
FromELF: creating hex file...
"task2_external_int.axf" - 0 Error(s), 0 Warning(s).
Build target 'Target 1'
assembling Startup.s...
compiling task2_qeus7.c...
task2_qeus7.c(29): error:  #29: expected an expression
Target not created
compiling task2_qeus7.c...
task2_qeus7.c(29): error:  #29: expected an expression
task2_qeus7.c - 1 Error(s), 0 Warning(s).
compiling task2_qeus7.c...
task2_qeus7.c - 0 Error(s), 0 Warning(s).
Build target 'Target 1'
assembling Startup.s...
compiling task2_qeus7.c...
linking...
Program Size: Code=1092 RO-data=16 RW-data=0 ZI-data=1256  
FromELF: creating hex file...
"task2_external_int.axf" - 0 Error(s), 0 Warning(s).
Build target 'Target 1'
assembling Startup.s...
compiling task2_qeus7.c...
linking...
Program Size: Code=1088 RO-data=16 RW-data=0 ZI-data=1256  
FromELF: creating hex file...
"task2_external_int.axf" - 0 Error(s), 0 Warning(s).
Build target 'Target 1'
assembling Startup.s...
compiling task2_qeus7.c...
task2_qeus7.c(52): error:  #20: identifier "I0PIN" is undefined
Target not created
compiling task2_qeus7.c...
task2_qeus7.c(52): error:  #20: identifier "I0PIN" is undefined
task2_qeus7.c - 1 Error(s), 0 Warning(s).
compiling task2_qeus7.c...
task2_qeus7.c - 0 Error(s), 0 Warning(s).
Build target 'Target 1'
assembling Startup.s...
compiling task2_qeus7.c...
linking...
Program Size: Code=1112 RO-data=16 RW-data=0 ZI-data=1256  
FromELF: creating hex file...
"task2_external_int.axf" - 0 Error(s), 0 Warning(s).
Build target 'Target 1'
assembling Startup.s...
compiling task2_qeus7.c...
linking...
Program Size: Code=1112 RO-data=16 RW-data=0 ZI-data=1256  
FromELF: creating hex file...
"task2_external_int.axf" - 0 Error(s), 0 Warning(s).
Build target 'Target 1'
assembling Startup.s...
compiling task2_qeus7.c...
linking...
Program Size: Code=1112 RO-data=16 RW-data=0 ZI-data=1256  
FromELF: creating hex file...
"task2_external_int.axf" - 0 Error(s), 0 Warning(s).
Build target 'Target 1'
assembling Startup.s...
compiling task2_qeus7.c...
linking...
Program Size: Code=1044 RO-data=16 RW-data=0 ZI-data=1256  
FromELF: creating hex file...
"task2_external_int.axf" - 0 Error(s), 0 Warning(s).
Build target 'Target 1'
assembling Startup.s...
compiling task2_qeus7.c...
linking...
Program Size: Code=1112 RO-data=16 RW-data=0 ZI-data=1256  
FromELF: creating hex file...
"task2_external_int.axf" - 0 Error(s), 0 Warning(s).
Build target 'Target 1'
assembling Startup.s...
compiling task2_qeus7.c...
linking...
Program Size: Code=1112 RO-data=16 RW-data=0 ZI-data=1256  
FromELF: creating hex file...
"task2_external_int.axf" - 0 Error(s), 0 Warning(s).
Build target 'Target 1'
assembling Startup.s...
compiling task2_ques6.c...
linking...
Program Size: Code=996 RO-data=16 RW-data=0 ZI-data=1256  
FromELF: creating hex file...
"task2_external_int.axf" - 0 Error(s), 0 Warning(s).
Build target 'Target 1'
assembling Startup.s...
compiling task2_ques6.c...
linking...
Program Size: Code=996 RO-data=16 RW-data=0 ZI-data=1256  
FromELF: creating hex file...
"task2_external_int.axf" - 0 Error(s), 0 Warning(s).
Build target 'Target 1'
compiling task2_ques6.c...
linking...
Program Size: Code=996 RO-data=16 RW-data=0 ZI-data=1256  
FromELF: creating hex file...
"task2_external_int.axf" - 0 Error(s), 0 Warning(s).
Build target 'Target 1'
assembling Startup.s...
compiling task2_ques6.c...
linking...
Program Size: Code=996 RO-data=16 RW-data=0 ZI-data=1256  
FromELF: creating hex file...
"task2_external_int.axf" - 0 Error(s), 0 Warning(s).
Build target 'Target 1'
assembling Startup.s...
compiling task2_ques6.c...
linking...
Program Size: Code=996 RO-data=16 RW-data=0 ZI-data=1256  
FromELF: creating hex file...
"task2_external_int.axf" - 0 Error(s), 0 Warning(s).
Build target 'Target 1'
assembling Startup.s...
compiling task2_ques6.c...
linking...
Program Size: Code=996 RO-data=16 RW-data=0 ZI-data=1256  
FromELF: creating hex file...
"task2_external_int.axf" - 0 Error(s), 0 Warning(s).
compiling task2_qeus7.c...
task2_qeus7.c - 0 Error(s), 0 Warning(s).
Build target 'Target 1'
assembling Startup.s...
compiling task2_qeus7.c...
linking...
Program Size: Code=1120 RO-data=16 RW-data=0 ZI-data=1256  
FromELF: creating hex file...
"task2_external_int.axf" - 0 Error(s), 0 Warning(s).
Build target 'Target 1'
assembling Startup.s...
compiling task2_ques6.c...
linking...
Program Size: Code=1004 RO-data=16 RW-data=0 ZI-data=1256  
FromELF: creating hex file...
"task2_external_int.axf" - 0 Error(s), 0 Warning(s).
Build target 'Target 1'
assembling Startup.s...
compiling task2_ques6.c...
linking...
Program Size: Code=996 RO-data=16 RW-data=0 ZI-data=1256  
FromELF: creating hex file...
"task2_external_int.axf" - 0 Error(s), 0 Warning(s).
Build target 'Target 1'
assembling Startup.s...
compiling task2_ques6.c...
linking...
Program Size: Code=1008 RO-data=16 RW-data=0 ZI-data=1256  
FromELF: creating hex file...
"task2_external_int.axf" - 0 Error(s), 0 Warning(s).
Build target 'Target 1'
assembling Startup.s...
compiling task2_ques6.c...
linking...
Program Size: Code=1008 RO-data=16 RW-data=0 ZI-data=1256  
FromELF: creating hex file...
"task2_external_int.axf" - 0 Error(s), 0 Warning(s).
Build target 'Target 1'
assembling Startup.s...
compiling task2_ques6.c...
linking...
Program Size: Code=1024 RO-data=16 RW-data=0 ZI-data=1256  
FromELF: creating hex file...
"task2_external_int.axf" - 0 Error(s), 0 Warning(s).
compiling task2_ques6.c...
task2_ques6.c(36): error:  #20: identifier "VICVectCnt0" is undefined
task2_ques6.c - 1 Error(s), 0 Warning(s).
compiling task2_ques6.c...
task2_ques6.c - 0 Error(s), 0 Warning(s).
Build target 'Target 1'
assembling Startup.s...
compiling task2_ques6.c...
linking...
Program Size: Code=1024 RO-data=16 RW-data=0 ZI-data=1256  
FromELF: creating hex file...
"task2_external_int.axf" - 0 Error(s), 0 Warning(s).
Build target 'Target 1'
assembling Startup.s...
compiling task2_ques6.c...
linking...
Program Size: Code=1024 RO-data=16 RW-data=0 ZI-data=1256  
FromELF: creating hex file...
"task2_external_int.axf" - 0 Error(s), 0 Warning(s).
Build target 'Target 1'
assembling Startup.s...
compiling task2_ques6.c...
linking...
Program Size: Code=1024 RO-data=16 RW-data=0 ZI-data=1256  
FromELF: creating hex file...
"task2_external_int.axf" - 0 Error(s), 0 Warning(s).
Build target 'Target 1'
linking...
Program Size: Code=1024 RO-data=16 RW-data=0 ZI-data=1256  
FromELF: creating hex file...
"task2_external_int.axf" - 0 Error(s), 0 Warning(s).
Build target 'Target 1'
assembling Startup.s...
compiling task2_ques6.c...
linking...
Program Size: Code=1024 RO-data=16 RW-data=0 ZI-data=1256  
FromELF: creating hex file...
"task2_external_int.axf" - 0 Error(s), 0 Warning(s).
Build target 'Target 1'
assembling Startup.s...
compiling task2_ques6.c...
linking...
Program Size: Code=1024 RO-data=16 RW-data=0 ZI-data=1256  
FromELF: creating hex file...
"task2_external_int.axf" - 0 Error(s), 0 Warning(s).
Build target 'Target 1'
assembling Startup.s...
compiling task2_ques6.c...
linking...
Program Size: Code=1004 RO-data=16 RW-data=0 ZI-data=1256  
FromELF: creating hex file...
"task2_external_int.axf" - 0 Error(s), 0 Warning(s).
Build target 'Target 1'
assembling Startup.s...
compiling task2_ques6.c...
linking...
Program Size: Code=1008 RO-data=16 RW-data=0 ZI-data=1256  
FromELF: creating hex file...
"task2_external_int.axf" - 0 Error(s), 0 Warning(s).
compiling task2_ques6.c...
task2_ques6.c - 0 Error(s), 0 Warning(s).
Build target 'Target 1'
assembling Startup.s...
compiling task2_ques6.c...
linking...
Program Size: Code=1012 RO-data=16 RW-data=0 ZI-data=1256  
FromELF: creating hex file...
"task2_external_int.axf" - 0 Error(s), 0 Warning(s).
Build target 'Target 1'
assembling Startup.s...
compiling task2_ques6.c...
linking...
Program Size: Code=1012 RO-data=16 RW-data=0 ZI-data=1256  
FromELF: creating hex file...
"task2_external_int.axf" - 0 Error(s), 0 Warning(s).
Build target 'Target 1'
assembling Startup.s...
compiling task2_ques6.c...
linking...
Program Size: Code=1012 RO-data=16 RW-data=0 ZI-data=1256  
FromELF: creating hex file...
"task2_external_int.axf" - 0 Error(s), 0 Warning(s).
Build target 'Target 1'
assembling Startup.s...
compiling task2_ques6.c...
linking...
Program Size: Code=1012 RO-data=16 RW-data=0 ZI-data=1256  
FromELF: creating hex file...
"task2_external_int.axf" - 0 Error(s), 0 Warning(s).
Build target 'Target 1'
assembling Startup.s...
compiling task2_ques6.c...
linking...
Program Size: Code=1012 RO-data=16 RW-data=0 ZI-data=1256  
FromELF: creating hex file...
"task2_external_int.axf" - 0 Error(s), 0 Warning(s).
Build target 'Target 1'
assembling Startup.s...
linking...
task2_external_int.axf: Warning: L6665W: Neither Lib$$Request$$armlib Lib$$Request$$cpplib defined, not searching ARM libraries.
task2_external_int.axf: Error: L6411W: No compatible library exists with a definition of startup symbol __main.
Target not created
compiling task2_qeus7.c...
task2_qeus7.c - 0 Error(s), 0 Warning(s).
Build target 'Target 1'
assembling Startup.s...
compiling task2_qeus7.c...
linking...
Program Size: Code=1112 RO-data=16 RW-data=0 ZI-data=1256  
FromELF: creating hex file...
"task2_external_int.axf" - 0 Error(s), 0 Warning(s).
compiling task4_ques9.c...
..\task4_embedded\task4_ques9.c(22): error:  #20: identifier "i" is undefined
..\task4_embedded\task4_ques9.c(24): error:  #20: identifier "j" is undefined
..\task4_embedded\task4_ques9.c(48): warning:  #223-D: function "delay" declared implicitly
..\task4_embedded\task4_ques9.c(77): warning:  #1-D: last line of file ends without a newline
..\task4_embedded\task4_ques9.c - 2 Error(s), 2 Warning(s).
compiling task4_ques9.c...
..\task4_embedded\task4_ques9.c(22): error:  #20: identifier "i" is undefined
..\task4_embedded\task4_ques9.c(24): error:  #20: identifier "j" is undefined
..\task4_embedded\task4_ques9.c(48): warning:  #223-D: function "delay" declared implicitly
..\task4_embedded\task4_ques9.c(77): warning:  #1-D: last line of file ends without a newline
..\task4_embedded\task4_ques9.c - 2 Error(s), 2 Warning(s).
compiling task4_ques9.c...
..\task4_embedded\task4_ques9.c(22): error:  #20: identifier "i" is undefined
..\task4_embedded\task4_ques9.c(24): error:  #20: identifier "j" is undefined
..\task4_embedded\task4_ques9.c(48): warning:  #223-D: function "delay" declared implicitly
..\task4_embedded\task4_ques9.c(77): warning:  #1-D: last line of file ends without a newline
..\task4_embedded\task4_ques9.c - 2 Error(s), 2 Warning(s).
compiling task4_ques9.c...
..\task4_embedded\task4_ques9.c(21): error:  #20: identifier "i" is undefined
..\task4_embedded\task4_ques9.c(23): error:  #20: identifier "j" is undefined
..\task4_embedded\task4_ques9.c(80): warning:  #1-D: last line of file ends without a newline
..\task4_embedded\task4_ques9.c - 2 Error(s), 1 Warning(s).
compiling task4_ques9.c...
..\task4_embedded\task4_ques9.c(80): warning:  #1-D: last line of file ends without a newline
..\task4_embedded\task4_ques9.c - 0 Error(s), 1 Warning(s).
compiling task4_ques9.c...
..\task4_embedded\task4_ques9.c - 0 Error(s), 0 Warning(s).
Build target 'Target 1'
linking...
task2_external_int.axf: Error: L6218E: Undefined symbol timer0_delay (referred from task4_ques9.o).
Target not created
compiling task4_ques9.c...
..\task4_embedded\task4_ques9.c - 0 Error(s), 0 Warning(s).
Build target 'Target 1'
linking...
task2_external_int.axf: Error: L6218E: Undefined symbol timer0_delay (referred from task4_ques9.o).
Target not created
compiling task4_ques9.c...
..\task4_embedded\task4_ques9.c(91): warning:  #1-D: last line of file ends without a newline
..\task4_embedded\task4_ques9.c - 0 Error(s), 1 Warning(s).
Build target 'Target 1'
linking...
Program Size: Code=1100 RO-data=16 RW-data=0 ZI-data=1256  
FromELF: creating hex file...
"task2_external_int.axf" - 0 Error(s), 0 Warning(s).
Build target 'Target 1'
assembling Startup.s...
compiling task4_ques9.c...
..\task4_embedded\task4_ques9.c(91): warning:  #1-D: last line of file ends without a newline
linking...
Program Size: Code=1100 RO-data=16 RW-data=0 ZI-data=1256  
FromELF: creating hex file...
"task2_external_int.axf" - 0 Error(s), 1 Warning(s).
