<html>
<body>
<pre>
<h1>µVision Build Log</h1>
<h2>Project:</h2>
D:\Itriangle\work_HANDSON\task5_embedded\task5.uvproj
Project File Date:  12/09/2020

<h2>Output:</h2>
compiling epoch.c...
epoch.c(14): warning:  #177-D: variable "min" was declared but never referenced
epoch.c(14): warning:  #177-D: variable "hour" was declared but never referenced
epoch.c(14): warning:  #177-D: variable "day" was declared but never referenced
epoch.c(14): warning:  #177-D: variable "mon" was declared but never referenced
epoch.c(14): warning:  #177-D: variable "wday" was declared but never referenced
epoch.c(14): warning:  #177-D: variable "year" was declared but never referenced
epoch.c(15): warning:  #177-D: variable "temp1" was declared but never referenced
epoch.c(15): warning:  #177-D: variable "temp2" was declared but never referenced
epoch.c(15): warning:  #177-D: variable "temp3" was declared but never referenced
epoch.c(15): warning:  #177-D: variable "temp4" was declared but never referenced
epoch.c(15): warning:  #177-D: variable "temp5" was declared but never referenced
epoch.c(15): warning:  #177-D: variable "temp6" was declared but never referenced
epoch.c(99): warning:  #1-D: last line of file ends without a newline
epoch.c - 0 Error(s), 13 Warning(s).
Build target 'Target 1'
assembling Startup.s...
compiling epoch.c...
epoch.c(14): warning:  #177-D: variable "min" was declared but never referenced
epoch.c(14): warning:  #177-D: variable "hour" was declared but never referenced
epoch.c(14): warning:  #177-D: variable "day" was declared but never referenced
epoch.c(14): warning:  #177-D: variable "mon" was declared but never referenced
epoch.c(14): warning:  #177-D: variable "wday" was declared but never referenced
epoch.c(14): warning:  #177-D: variable "year" was declared but never referenced
epoch.c(15): warning:  #177-D: variable "temp1" was declared but never referenced
epoch.c(15): warning:  #177-D: variable "temp2" was declared but never referenced
epoch.c(15): warning:  #177-D: variable "temp3" was declared but never referenced
epoch.c(15): warning:  #177-D: variable "temp4" was declared but never referenced
epoch.c(15): warning:  #177-D: variable "temp5" was declared but never referenced
epoch.c(15): warning:  #177-D: variable "temp6" was declared but never referenced
epoch.c(99): warning:  #1-D: last line of file ends without a newline
linking...
Program Size: Code=2712 RO-data=28 RW-data=0 ZI-data=1360  
FromELF: creating hex file...
"task5.axf" - 0 Error(s), 13 Warning(s).
compiling epoch.c...
epoch.c(14): warning:  #550-D: variable "sec" was set but never used
epoch.c(14): warning:  #550-D: variable "min" was set but never used
epoch.c(14): warning:  #550-D: variable "hour" was set but never used
epoch.c(14): warning:  #550-D: variable "day" was set but never used
epoch.c(14): warning:  #550-D: variable "mon" was set but never used
epoch.c(14): warning:  #550-D: variable "year" was set but never used
epoch.c(129): warning:  #1-D: last line of file ends without a newline
epoch.c - 0 Error(s), 7 Warning(s).
compiling epoch.c...
epoch.c(14): warning:  #550-D: variable "sec" was set but never used
epoch.c(14): warning:  #550-D: variable "min" was set but never used
epoch.c(14): warning:  #550-D: variable "hour" was set but never used
epoch.c(14): warning:  #550-D: variable "day" was set but never used
epoch.c(14): warning:  #550-D: variable "mon" was set but never used
epoch.c(14): warning:  #550-D: variable "year" was set but never used
epoch.c(129): warning:  #1-D: last line of file ends without a newline
epoch.c - 0 Error(s), 7 Warning(s).
compiling epoch.c...
epoch.c(14): warning:  #550-D: variable "sec" was set but never used
epoch.c(14): warning:  #550-D: variable "min" was set but never used
epoch.c(14): warning:  #550-D: variable "hour" was set but never used
epoch.c(14): warning:  #550-D: variable "day" was set but never used
epoch.c(14): warning:  #550-D: variable "mon" was set but never used
epoch.c(14): warning:  #550-D: variable "year" was set but never used
epoch.c(129): warning:  #1-D: last line of file ends without a newline
epoch.c - 0 Error(s), 7 Warning(s).
compiling epoch.c...
epoch.c(132): warning:  #1-D: last line of file ends without a newline
epoch.c - 0 Error(s), 1 Warning(s).
compiling epoch.c...
epoch.c - 0 Error(s), 0 Warning(s).
Build target 'Target 1'
linking...
Program Size: Code=3124 RO-data=28 RW-data=0 ZI-data=1360  
FromELF: creating hex file...
"task5.axf" - 0 Error(s), 0 Warning(s).
Build target 'Target 1'
assembling Startup.s...
compiling epoch.c...
linking...
Program Size: Code=3112 RO-data=28 RW-data=0 ZI-data=1360  
FromELF: creating hex file...
"task5.axf" - 0 Error(s), 0 Warning(s).
compiling epoch.c...
epoch.c - 0 Error(s), 0 Warning(s).
Build target 'Target 1'
assembling Startup.s...
compiling epoch.c...
linking...
Program Size: Code=3120 RO-data=28 RW-data=0 ZI-data=1360  
FromELF: creating hex file...
"task5.axf" - 0 Error(s), 0 Warning(s).
Build target 'Target 1'
assembling Startup.s...
compiling epoch.c...
linking...
Program Size: Code=3120 RO-data=28 RW-data=0 ZI-data=1360  
FromELF: creating hex file...
"task5.axf" - 0 Error(s), 0 Warning(s).
Build target 'Target 1'
assembling Startup.s...
compiling epoch.c...
linking...
Program Size: Code=3112 RO-data=28 RW-data=0 ZI-data=1360  
FromELF: creating hex file...
"task5.axf" - 0 Error(s), 0 Warning(s).
